2026-03-30 10:42:19,279 INFO Running clustering experiment for run id hproj-2026-03-28_15-02-11-bb2a5203
2026-03-30 10:42:19,279 INFO Writing outputs to clustering_output2
2026-03-30 10:42:19,279 INFO Loading embeddings for kather100k/uni from /nvme/hdim/embeddings/cache-kather100k-uni
2026-03-30 10:42:34,434 INFO Running clustering experiment for run id hproj-2026-03-28_15-02-11-bb2a5203
2026-03-30 10:42:34,434 INFO Writing outputs to clustering_output2
2026-03-30 10:42:34,434 INFO Loading embeddings for kather100k/uni from /nvme/hdim/embeddings/cache-kather100k-uni
2026-03-30 10:42:34,725 INFO Loading embeddings for spider-colorectal/uni from /nvme/hdim/embeddings/cache-spider-colorectal-uni
2026-03-30 10:42:35,114 INFO Loading embeddings for spider-breast/uni from /nvme/hdim/embeddings/cache-spider-breast-uni
2026-03-30 10:42:35,484 INFO Loading embeddings for spider-skin/uni from /nvme/hdim/embeddings/cache-spider-skin-uni
2026-03-30 10:42:36,264 INFO Loading embeddings for spider-thorax/uni from /nvme/hdim/embeddings/cache-spider-thorax-uni
2026-03-30 10:42:36,572 INFO Loading embeddings for kather100k/uni2 from /nvme/hdim/embeddings/cache-kather100k-uni2
2026-03-30 10:42:37,238 INFO Loading embeddings for spider-colorectal/uni2 from /nvme/hdim/embeddings/cache-spider-colorectal-uni2
2026-03-30 10:42:37,707 INFO Loading embeddings for spider-breast/uni2 from /nvme/hdim/embeddings/cache-spider-breast-uni2
2026-03-30 10:42:38,265 INFO Loading embeddings for spider-skin/uni2 from /nvme/hdim/embeddings/cache-spider-skin-uni2
2026-03-30 10:42:39,230 INFO Loading embeddings for spider-thorax/uni2 from /nvme/hdim/embeddings/cache-spider-thorax-uni2
2026-03-30 10:42:39,716 INFO Loading embeddings for kather100k/hibou from /nvme/hdim/embeddings/cache-kather100k-hibou
2026-03-30 10:42:40,149 INFO Loading embeddings for spider-colorectal/hibou from /nvme/hdim/embeddings/cache-spider-colorectal-hibou
2026-03-30 10:42:40,459 INFO Loading embeddings for spider-breast/hibou from /nvme/hdim/embeddings/cache-spider-breast-hibou
2026-03-30 10:42:40,824 INFO Loading embeddings for spider-skin/hibou from /nvme/hdim/embeddings/cache-spider-skin-hibou
2026-03-30 10:42:41,461 INFO Loading embeddings for spider-thorax/hibou from /nvme/hdim/embeddings/cache-spider-thorax-hibou
2026-03-30 10:42:41,774 INFO Loading embeddings for kather100k/dinov2 from /nvme/hdim/embeddings/cache-kather100k-dinov2
2026-03-30 10:42:42,208 INFO Loading embeddings for spider-colorectal/dinov2 from /nvme/hdim/embeddings/cache-spider-colorectal-dinov2
2026-03-30 10:42:42,519 INFO Loading embeddings for spider-breast/dinov2 from /nvme/hdim/embeddings/cache-spider-breast-dinov2
2026-03-30 10:42:42,887 INFO Loading embeddings for spider-skin/dinov2 from /nvme/hdim/embeddings/cache-spider-skin-dinov2
2026-03-30 10:42:43,526 INFO Loading embeddings for spider-thorax/dinov2 from /nvme/hdim/embeddings/cache-spider-thorax-dinov2
2026-03-30 10:44:25,696 INFO kmeans uni/kather100k full: k=10 sil=0.3201 ari=0.9228 ami=0.9075
2026-03-30 10:44:37,313 INFO kmeans uni/kather100k 9: k=11 sil=0.7176 ari=0.8992 ami=0.8885
2026-03-30 10:45:25,636 INFO kmeans uni/spider-colorectal full: k=11 sil=0.1872 ari=0.7116 ami=0.8221
2026-03-30 10:45:30,993 INFO kmeans uni/spider-colorectal 9: k=10 sil=0.6020 ari=0.6343 ami=0.7677
2026-03-30 10:46:55,078 INFO kmeans uni/spider-breast full: k=12 sil=0.1040 ari=0.5297 ami=0.6928
2026-03-30 10:47:02,310 INFO kmeans uni/spider-breast 9: k=9 sil=0.4216 ari=0.3896 ami=0.5913
2026-03-30 10:50:06,870 INFO kmeans uni/spider-skin full: k=12 sil=0.1427 ari=0.3913 ami=0.6826
2026-03-30 10:50:28,301 INFO kmeans uni/spider-skin 9: k=10 sil=0.3428 ari=0.2664 ami=0.5664
2026-03-30 10:51:19,818 INFO kmeans uni/spider-thorax full: k=12 sil=0.2447 ari=0.6336 ami=0.8108
2026-03-30 10:51:24,170 INFO kmeans uni/spider-thorax 9: k=12 sil=0.5154 ari=0.6002 ami=0.7344
2026-03-30 10:53:57,822 INFO kmeans uni2/kather100k full: k=9 sil=0.3460 ari=0.8454 ami=0.8791
2026-03-30 10:54:09,462 INFO kmeans uni2/kather100k 9: k=12 sil=0.4860 ari=0.7274 ami=0.7880
2026-03-30 10:55:21,107 INFO kmeans uni2/spider-colorectal full: k=10 sil=0.1892 ari=0.6427 ami=0.7909
2026-03-30 10:55:26,521 INFO kmeans uni2/spider-colorectal 9: k=10 sil=0.6156 ari=0.6034 ami=0.7424
2026-03-30 10:57:21,760 INFO kmeans uni2/spider-breast full: k=9 sil=0.1635 ari=0.4670 ami=0.6986
2026-03-30 10:57:28,949 INFO kmeans uni2/spider-breast 9: k=11 sil=0.4292 ari=0.4485 ami=0.6312
2026-03-30 11:01:57,892 INFO kmeans uni2/spider-skin full: k=12 sil=0.1579 ari=0.3324 ami=0.6724
2026-03-30 11:02:18,853 INFO kmeans uni2/spider-skin 9: k=9 sil=0.3801 ari=0.2261 ami=0.5734
2026-03-30 11:03:42,006 INFO kmeans uni2/spider-thorax full: k=12 sil=0.2615 ari=0.6374 ami=0.7789
2026-03-30 11:03:46,470 INFO kmeans uni2/spider-thorax 9: k=11 sil=0.5297 ari=0.5531 ami=0.6963
2026-03-30 11:05:28,879 INFO kmeans hibou/kather100k full: k=10 sil=0.1624 ari=0.1370 ami=0.4188
2026-03-30 11:05:40,762 INFO kmeans hibou/kather100k 9: k=12 sil=0.2993 ari=0.1890 ami=0.4636
2026-03-30 11:06:31,614 INFO kmeans hibou/spider-colorectal full: k=12 sil=0.2127 ari=0.7043 ami=0.7997
2026-03-30 11:06:37,402 INFO kmeans hibou/spider-colorectal 9: k=11 sil=0.5014 ari=0.4784 ami=0.6765
2026-03-30 11:07:57,053 INFO kmeans hibou/spider-breast full: k=12 sil=0.1602 ari=0.4164 ami=0.6551
2026-03-30 11:08:04,271 INFO kmeans hibou/spider-breast 9: k=10 sil=0.2804 ari=0.2327 ami=0.4570
2026-03-30 11:11:02,694 INFO kmeans hibou/spider-skin full: k=12 sil=0.1592 ari=0.4111 ami=0.6994
2026-03-30 11:11:27,625 INFO kmeans hibou/spider-skin 9: k=10 sil=0.2513 ari=0.1700 ami=0.5503
2026-03-30 11:12:17,893 INFO kmeans hibou/spider-thorax full: k=12 sil=0.3159 ari=0.6454 ami=0.7945
2026-03-30 11:12:22,237 INFO kmeans hibou/spider-thorax 9: k=12 sil=0.5502 ari=0.5552 ami=0.7126
2026-03-30 11:14:23,838 INFO kmeans dinov2/kather100k full: k=2 sil=0.3037 ari=0.1764 ami=0.3784
2026-03-30 11:14:35,867 INFO kmeans dinov2/kather100k 9: k=10 sil=0.4176 ari=0.4598 ami=0.6199
2026-03-30 11:15:44,862 INFO kmeans dinov2/spider-colorectal full: k=4 sil=0.1799 ari=0.1676 ami=0.3900
2026-03-30 11:15:51,174 INFO kmeans dinov2/spider-colorectal 9: k=9 sil=0.2918 ari=0.2254 ami=0.4281
2026-03-30 11:17:25,316 INFO kmeans dinov2/spider-breast full: k=2 sil=0.1961 ari=0.0207 ami=0.1545
2026-03-30 11:17:33,045 INFO kmeans dinov2/spider-breast 9: k=11 sil=0.2372 ari=0.1429 ami=0.3274
2026-03-30 11:21:06,779 INFO kmeans dinov2/spider-skin full: k=2 sil=0.1351 ari=0.0118 ami=0.1124
2026-03-30 11:21:29,186 INFO kmeans dinov2/spider-skin 9: k=9 sil=0.2256 ari=0.1372 ami=0.3619
2026-03-30 11:22:29,014 INFO kmeans dinov2/spider-thorax full: k=2 sil=0.2043 ari=0.0453 ami=0.1295
2026-03-30 11:22:35,117 INFO kmeans dinov2/spider-thorax 9: k=11 sil=0.2591 ari=0.2555 ami=0.3758
2026-03-30 11:28:57,897 INFO hdbscan uni/kather100k full: mcs=10 ms=None k_tr=170 k_te=9 sil=0.3898 ari=0.0020 ami=0.1323
2026-03-30 11:34:32,458 INFO hdbscan uni/kather100k 9: mcs=30 ms=10 k_tr=22 k_te=13 sil=0.6056 ari=0.1170 ami=0.4491
2026-03-30 11:38:31,313 INFO hdbscan uni/spider-colorectal full: mcs=10 ms=10 k_tr=2 k_te=1 sil=nan ari=0.0005 ami=0.0181
2026-03-30 11:39:40,017 INFO hdbscan uni/spider-colorectal 9: mcs=30 ms=20 k_tr=9 k_te=9 sil=0.6292 ari=0.1865 ami=0.5477
2026-03-30 11:45:14,359 INFO hdbscan uni/spider-breast full: mcs=30 ms=None k_tr=2 k_te=2 sil=0.0890 ari=0.0018 ami=0.0227
2026-03-30 11:46:08,116 INFO hdbscan uni/spider-breast 9: mcs=10 ms=None k_tr=48 k_te=21 sil=0.4943 ari=0.0330 ami=0.2823
2026-03-30 11:51:43,141 INFO hdbscan uni/spider-skin full: mcs=10 ms=None k_tr=118 k_te=42 sil=0.3108 ari=0.0564 ami=0.4597
2026-03-30 11:55:12,638 INFO hdbscan uni/spider-skin 9: mcs=10 ms=None k_tr=38 k_te=27 sil=0.4480 ari=0.0873 ami=0.4915
2026-03-30 11:57:43,932 INFO hdbscan uni/spider-thorax full: mcs=30 ms=20 k_tr=32 k_te=14 sil=0.2152 ari=0.1748 ami=0.5468
2026-03-30 11:58:52,892 INFO hdbscan uni/spider-thorax 9: mcs=30 ms=None k_tr=21 k_te=17 sil=0.5688 ari=0.1764 ami=0.5593
2026-03-30 12:08:08,029 INFO hdbscan uni2/kather100k full: mcs=10 ms=None k_tr=173 k_te=11 sil=0.3164 ari=0.0837 ami=0.3590
2026-03-30 12:12:12,089 INFO hdbscan uni2/kather100k 9: mcs=30 ms=None k_tr=35 k_te=11 sil=0.7872 ari=0.0379 ami=0.3121
2026-03-30 12:15:59,006 INFO hdbscan uni2/spider-colorectal full: mcs=10 ms=20 k_tr=2 k_te=2 sil=0.0513 ari=0.0064 ami=0.0533
2026-03-30 12:17:28,713 INFO hdbscan uni2/spider-colorectal 9: mcs=30 ms=None k_tr=10 k_te=10 sil=0.6711 ari=0.2363 ami=0.5869
2026-03-30 12:22:19,364 INFO hdbscan uni2/spider-breast full: mcs=10 ms=None k_tr=159 k_te=36 sil=0.2541 ari=0.0243 ami=0.3387
2026-03-30 12:23:11,659 INFO hdbscan uni2/spider-breast 9: mcs=10 ms=None k_tr=72 k_te=38 sil=0.5734 ari=0.0295 ami=0.2732
2026-03-30 12:30:27,456 INFO hdbscan uni2/spider-skin full: mcs=10 ms=None k_tr=131 k_te=44 sil=0.2401 ari=0.0443 ami=0.4118
2026-03-30 12:33:15,982 INFO hdbscan uni2/spider-skin 9: mcs=10 ms=None k_tr=51 k_te=36 sil=0.5997 ari=0.0333 ami=0.3590
2026-03-30 12:36:04,775 INFO hdbscan uni2/spider-thorax full: mcs=30 ms=None k_tr=38 k_te=17 sil=0.3183 ari=0.1375 ami=0.5272
2026-03-30 12:37:20,817 INFO hdbscan uni2/spider-thorax 9: mcs=30 ms=None k_tr=27 k_te=24 sil=0.6148 ari=0.0921 ami=0.4726
2026-03-30 12:43:48,371 INFO hdbscan hibou/kather100k full: mcs=30 ms=None k_tr=15 k_te=2 sil=0.4896 ari=0.0799 ami=0.2082
2026-03-30 12:47:07,185 INFO hdbscan hibou/kather100k 9: mcs=30 ms=None k_tr=18 k_te=8 sil=0.5588 ari=0.1257 ami=0.3649
2026-03-30 12:50:16,147 INFO hdbscan hibou/spider-colorectal full: mcs=10 ms=None k_tr=2 k_te=2 sil=0.0164 ari=0.0008 ami=0.0328
2026-03-30 12:51:11,620 INFO hdbscan hibou/spider-colorectal 9: mcs=30 ms=None k_tr=15 k_te=14 sil=0.5507 ari=0.1315 ami=0.4731
2026-03-30 12:53:45,168 INFO hdbscan hibou/spider-breast full: mcs=10 ms=None k_tr=175 k_te=55 sil=0.2952 ari=0.0463 ami=0.4180
2026-03-30 12:55:05,783 INFO hdbscan hibou/spider-breast 9: mcs=10 ms=None k_tr=76 k_te=47 sil=0.4427 ari=0.0391 ami=0.3209
2026-03-30 13:01:02,219 INFO hdbscan hibou/spider-skin full: mcs=10 ms=None k_tr=150 k_te=57 sil=0.3165 ari=0.0496 ami=0.4444
2026-03-30 13:03:49,821 INFO hdbscan hibou/spider-skin 9: mcs=10 ms=None k_tr=41 k_te=32 sil=0.5435 ari=0.0309 ami=0.3566
2026-03-30 13:06:02,591 INFO hdbscan hibou/spider-thorax full: mcs=10 ms=None k_tr=139 k_te=45 sil=0.3661 ari=0.1553 ami=0.5572
2026-03-30 13:07:27,893 INFO hdbscan hibou/spider-thorax 9: mcs=30 ms=20 k_tr=33 k_te=25 sil=0.7031 ari=0.2186 ami=0.6231
2026-03-30 13:14:54,700 INFO hdbscan dinov2/kather100k full: mcs=30 ms=None k_tr=10 k_te=3 sil=0.6171 ari=0.1513 ami=0.2652
2026-03-30 13:17:02,213 INFO hdbscan dinov2/kather100k 9: mcs=30 ms=10 k_tr=2 k_te=2 sil=0.2450 ari=0.1118 ami=0.2534
2026-03-30 13:17:26,100 INFO hdbscan dinov2/spider-colorectal full: mcs=10 ms=None k_tr=4 k_te=3 sil=0.2839 ari=0.0038 ami=0.0488
2026-03-30 13:17:57,836 INFO hdbscan dinov2/spider-colorectal 9: mcs=30 ms=None k_tr=3 k_te=3 sil=0.2228 ari=0.0499 ami=0.1936
2026-03-30 13:22:13,014 INFO hdbscan dinov2/spider-breast full: mcs=10 ms=20 k_tr=2 k_te=2 sil=0.6520 ari=0.0191 ami=0.1281
2026-03-30 13:23:11,154 INFO hdbscan dinov2/spider-breast 9: mcs=10 ms=10 k_tr=2 k_te=2 sil=0.0128 ari=0.0089 ami=0.0357
2026-03-30 13:36:51,375 INFO hdbscan dinov2/spider-skin full: mcs=30 ms=10 k_tr=2 k_te=1 sil=nan ari=0.0164 ami=0.1101
2026-03-30 13:37:59,343 INFO hdbscan dinov2/spider-skin 9: mcs=10 ms=None k_tr=13 k_te=9 sil=0.2629 ari=0.0098 ami=0.1285
2026-03-30 13:38:52,964 INFO hdbscan dinov2/spider-thorax full: mcs=10 ms=20 k_tr=2 k_te=1 sil=nan ari=0.0693 ami=0.1407
2026-03-30 13:40:00,208 INFO hdbscan dinov2/spider-thorax 9: mcs=30 ms=10 k_tr=2 k_te=2 sil=0.2308 ari=0.0448 ami=0.1592
